
> frontend@0.0.0 build
> tsc -b && vite build

src/components/MainLayout.tsx(29,7): error TS6133: 'SIDEBAR_ITEMS' is declared but its value is never read.
src/components/MainLayout.tsx(74,12): error TS2552: Cannot find name 'sidebarItems'. Did you mean 'SIDEBAR_ITEMS'?
src/components/MainLayout.tsx(74,30): error TS7006: Parameter 'item' implicitly has an 'any' type.
src/components/MainLayout.tsx(143,12): error TS2552: Cannot find name 'sidebarItems'. Did you mean 'SIDEBAR_ITEMS'?
src/components/MainLayout.tsx(143,30): error TS7006: Parameter 'item' implicitly has an 'any' type.
src/pages/SocialPage.tsx(1,1): error TS6133: 'useState' is declared but its value is never read.
