py : ImportError while loading conftest 'C:\Users\emirg\Desktop\Masal Fabrikas²
\backend\tests\conftest.py'.
At line:1 char:54
+ ... ı\backend"; py -3.14 -m pytest tests/test_health.py -v > test_output. ...
+                 ~~~~~~~~~~~~~~~~~~~~~~~~~~~~~~~~~~~~~~~~~~~~~~~~~~~~~~~~~
    + CategoryInfo          : NotSpecified: (ImportError whi...s\conftest.py'. 
   :String) [], RemoteException
    + FullyQualifiedErrorId : NativeCommandError
 
tests\conftest.py:15: in <module>
    from main import app
main.py:9: in <module>
    from app.routers import story, health, character, user, achievement, leader
board, challenge, quiz, new_features
app\routers\new_features.py:125: in <module>
    from app.services.story_ai_character_chat_advanced_service import StoryAICh
aracterChatAdvancedService
E   ImportError: cannot import name 'StoryAICharacterChatAdvancedService' from 
'app.services.story_ai_character_chat_advanced_service' (C:\Users\emirg\Desktop
\Masal Fabrikas²\backend\app\services\story_ai_character_chat_advanced_service.
py)
Transformers k³t³phanesi kurulu de­il. OpenAI API key gerekli.
Diffusers veya torch k³t³phaneleri kurulu de­il. OpenAI DALL-E kullan²lacak.
Transformers k³t³phanesi kurulu de­il. OpenAI API key gerekli.
Diffusers veya torch k³t³phaneleri kurulu de­il. OpenAI DALL-E kullan²lacak.
Diffusers veya torch k³t³phaneleri kurulu de­il. OpenAI DALL-E kullan²lacak.
Transformers k³t³phanesi kurulu de­il. OpenAI API key gerekli.
Diffusers veya torch k³t³phaneleri kurulu de­il. OpenAI DALL-E kullan²lacak.
Transformers k³t³phanesi kurulu de­il. OpenAI API key gerekli.
Transformers k³t³phanesi kurulu de­il. OpenAI API key gerekli.
Diffusers veya torch k³t³phaneleri kurulu de­il. OpenAI DALL-E kullan²lacak.
Transformers k³t³phanesi kurulu de­il. OpenAI API key gerekli.
Diffusers veya torch k³t³phaneleri kurulu de­il. OpenAI DALL-E kullan²lacak.
Transformers k³t³phanesi kurulu de­il. OpenAI API key gerekli.
Transformers k³t³phanesi kurulu de­il. OpenAI API key gerekli.
Diffusers veya torch k³t³phaneleri kurulu de­il. OpenAI DALL-E kullan²lacak.
Transformers k³t³phanesi kurulu de­il. OpenAI API key gerekli.
Diffusers veya torch k³t³phaneleri kurulu de­il. OpenAI DALL-E kullan²lacak.
Transformers k³t³phanesi kurulu de­il. OpenAI API key gerekli.
Transformers k³t³phanesi kurulu de­il. OpenAI API key gerekli.
Diffusers veya torch k³t³phaneleri kurulu de­il. OpenAI DALL-E kullan²lacak.
Transformers k³t³phanesi kurulu de­il. OpenAI API key gerekli.
Diffusers veya torch k³t³phaneleri kurulu de­il. OpenAI DALL-E kullan²lacak.
Transformers k³t³phanesi kurulu de­il. OpenAI API key gerekli.
Diffusers veya torch k³t³phaneleri kurulu de­il. OpenAI DALL-E kullan²lacak.
